// Vitest Snapshot v1, https://vitest.dev/guide/snapshot.html

exports[`applyLinks 1`] = `
[
  <span>
    No. Vaccines are 
  </span>,
  <span>
    <span
      className="font-normal font-sans text-[#7DFA86] cursor-pointer"
      onClick={[Function]}
    >
      not associated with the development of autism or autism spectrum disorder
    </span>
  </span>,
  <span>
    . Multiple studies have found no relationship between vaccination and autism or ASD.
  </span>,
]
`;
